// Jest Snapshot v1, https://goo.gl/fbAQLP

exports[`renders the Home Page correctly 1`] = `
<div>
  <div
    class="homepage"
  >
    <div
      class="container"
    >
      <div
        class="flex"
      >
        <img
          alt=""
          class="image"
          src="dogs.jpg"
        />
        <p
          class="text"
        >
          <a
            class="text"
            href="/dogs"
          >
            Dogs
          </a>
        </p>
      </div>
      <div
        class="flex"
      >
        <img
          alt=""
          class="image"
          src="cats.jpg"
        />
        <p
          class="text"
        >
          <a
            class="text"
            href="/cats"
          >
            Cats
          </a>
        </p>
      </div>
      <div
        class="flex"
      >
        <img
          alt=""
          class="image"
          src="rabbits.jpg"
        />
        <p
          class="text"
        >
          <a
            class="text"
            href="/rabbits"
          >
            Rabbits
          </a>
        </p>
      </div>
      <div
        class="flex"
      >
        <img
          alt=""
          class="image"
          src="birds.jpg"
        />
        <p
          class="text"
        >
          <a
            class="text"
            href="/birds"
          >
            Birds
          </a>
        </p>
      </div>
      <div
        class="flex"
      >
        <img
          alt=""
          class="image"
          src="others.jpg"
        />
        <p
          class="text"
        >
          <a
            class="text"
            href="/others"
          >
            Other Pets
          </a>
        </p>
      </div>
    </div>
    <div>
      <h1
        class="title"
      >
        Find Your Suitable Pet Here
      </h1>
      <div
        class="container"
      >
        <div
          class="grid"
        >
          <div
            class="div"
          >
            <img
              alt=""
              class="image"
              src="Bane.jpg"
            />
            <a
              class="text"
              href="/dogs/Bane"
            >
              Smart Dog: Bane
            </a>
          </div>
          <div
            class="div"
          >
            <img
              alt=""
              class="image"
              src="Milo.jpg"
            />
            <a
              class="text"
              href="/cats/Milo"
            >
              Cute Cat: Milo
            </a>
          </div>
        </div>
      </div>
    </div>
  </div>
</div>
`;
