// Jest Snapshot v1, https://goo.gl/fbAQLP

exports[`renders the PetItemDetail correctly 1`] = `
<div>
  <div>
    <center>
      Data is fetching
    </center>
  </div>
</div>
`;
